[  7%] Built target juce_vst3_helper
[ 11%] Building CXX object CMakeFiles/PearlVox.dir/src/PearlVox.cpp.o
[ 14%] Building CXX object CMakeFiles/PearlVox.dir/_deps/juce-src/modules/juce_audio_basics/juce_audio_basics.cpp.o
[ 22%] Building CXX object CMakeFiles/PearlVox.dir/_deps/juce-src/modules/juce_core/juce_core.cpp.o
[ 22%] Building CXX object CMakeFiles/PearlVox.dir/_deps/juce-src/modules/juce_data_structures/juce_data_structures.cpp.o
[ 25%] Building CXX object CMakeFiles/PearlVox.dir/_deps/juce-src/modules/juce_audio_utils/juce_audio_utils.cpp.o
In file included from /home/marcus/axisrift-plugins/build/_deps/juce-src/modules/juce_audio_processors/juce_audio_processors.h:144,
                 from /home/marcus/axisrift-plugins/src/PearlVox.cpp:7:
/home/marcus/axisrift-plugins/build/_deps/juce-src/modules/juce_audio_processors/processors/juce_AudioProcessor.h:280:18: warning: ‘virtual void juce::AudioProcessor::processBlock(juce::AudioBuffer<double>&, juce::MidiBuffer&)’ was hidden [-Woverloaded-virtual=]
  280 |     virtual void processBlock (AudioBuffer<double>& buffer,
      |                  ^~~~~~~~~~~~
/home/marcus/axisrift-plugins/src/PearlVox.cpp:103:10: note:   by ‘virtual void PearlVoxProcessor::processBlock(juce::AudioBuffer<float>&, juce::MidiBuffer&)’
  103 |     void processBlock (AudioBuffer<float>& buffer, MidiBuffer&) override
      |          ^~~~~~~~~~~~
[ 29%] Building CXX object CMakeFiles/PearlVox.dir/_deps/juce-src/modules/juce_audio_formats/juce_audio_formats.cpp.o
[ 33%] Building CXX object CMakeFiles/PearlVox.dir/_deps/juce-src/modules/juce_audio_devices/juce_audio_devices.cpp.o
[ 37%] Building CXX object CMakeFiles/PearlVox.dir/_deps/juce-src/modules/juce_dsp/juce_dsp.cpp.o
[ 40%] Linking CXX static library PearlVox_artefacts/Release/libPearlVox_SharedCode.a
[ 66%] Built target PearlVox
[ 81%] Building CXX object CMakeFiles/PearlVox_VST3.dir/_deps/juce-src/modules/juce_audio_plugin_client/juce_audio_plugin_client_ARA.cpp.o
[ 81%] Building CXX object CMakeFiles/PearlVox_VST3.dir/_deps/juce-src/modules/juce_audio_plugin_client/juce_audio_plugin_client_AAX_utils.cpp.o
[ 81%] Building CXX object CMakeFiles/PearlVox_VST3.dir/_deps/juce-src/modules/juce_audio_plugin_client/juce_audio_plugin_client_LV2.cpp.o
[ 81%] Building CXX object CMakeFiles/PearlVox_VST3.dir/_deps/juce-src/modules/juce_audio_plugin_client/juce_audio_plugin_client_AAX.cpp.o
[ 88%] Building CXX object CMakeFiles/PearlVox_VST3.dir/_deps/juce-src/modules/juce_audio_plugin_client/juce_audio_plugin_client_Unity.cpp.o
[ 88%] Building CXX object CMakeFiles/PearlVox_VST3.dir/_deps/juce-src/modules/juce_audio_plugin_client/juce_audio_plugin_client_Standalone.cpp.o
[ 92%] Building CXX object CMakeFiles/PearlVox_VST3.dir/_deps/juce-src/modules/juce_audio_plugin_client/juce_audio_plugin_client_VST2.cpp.o
[ 96%] Building CXX object CMakeFiles/PearlVox_VST3.dir/_deps/juce-src/modules/juce_audio_plugin_client/juce_audio_plugin_client_VST3.cpp.o
[100%] Linking CXX shared module PearlVox_artefacts/Release/VST3/PearlVox.vst3/Contents/x86_64-linux/PearlVox.so
removing moduleinfo.json
[100%] Built target PearlVox_VST3
[ 66%] Built target PearlVox
[ 70%] Building CXX object CMakeFiles/PearlVox_Standalone.dir/_deps/juce-src/modules/juce_audio_plugin_client/juce_audio_plugin_client_AAX_utils.cpp.o
[ 70%] Building CXX object CMakeFiles/PearlVox_Standalone.dir/_deps/juce-src/modules/juce_audio_plugin_client/juce_audio_plugin_client_ARA.cpp.o
[ 79%] Building CXX object CMakeFiles/PearlVox_Standalone.dir/_deps/juce-src/modules/juce_audio_plugin_client/juce_audio_plugin_client_LV2.cpp.o
[ 75%] Building CXX object CMakeFiles/PearlVox_Standalone.dir/_deps/juce-src/modules/juce_audio_plugin_client/juce_audio_plugin_client_AAX.cpp.o
[ 83%] Building CXX object CMakeFiles/PearlVox_Standalone.dir/_deps/juce-src/modules/juce_audio_plugin_client/juce_audio_plugin_client_Standalone.cpp.o
[ 87%] Building CXX object CMakeFiles/PearlVox_Standalone.dir/_deps/juce-src/modules/juce_audio_plugin_client/juce_audio_plugin_client_Unity.cpp.o
[ 91%] Building CXX object CMakeFiles/PearlVox_Standalone.dir/_deps/juce-src/modules/juce_audio_plugin_client/juce_audio_plugin_client_VST2.cpp.o
[ 95%] Building CXX object CMakeFiles/PearlVox_Standalone.dir/_deps/juce-src/modules/juce_audio_plugin_client/juce_audio_plugin_client_VST3.cpp.o
[100%] Linking CXX executable PearlVox_artefacts/Release/Standalone/PearlVox
[100%] Built target PearlVox_Standalone
